// Jest Snapshot v1, https://goo.gl/fbAQLP

exports[`<App /> handles a form submit 1`] = `
String {
  "0": "B",
  "1": "f",
  "2": "q",
  "3": "9",
  "4": "R",
}
`;

exports[`<App /> renders correctly 1`] = `
<div
  className="App"
>
  <h1
    className="App-title"
  >
    Password Hasher
  </h1>
  <PasswordForm
    onChange={[Function]}
    onSubmit={[Function]}
  />
  <PasswordResult
    result=""
  />
  <footer
    className="App-footer"
  >
    <span>
      © 2018 
      <a
        href="https://github.com/jonaskay"
      >
        Jonas Kay
      </a>
    </span>
    <span
      style={
        Object {
          "textAlign": "right",
        }
      }
    >
      Based on 
      <a
        href="https://crypto.stanford.edu/PwdHash/"
      >
        PwdHash
      </a>
    </span>
  </footer>
</div>
`;

exports[`hashPassword hashes a password with salt 1`] = `
String {
  "0": "H",
  "1": "h",
  "2": "8",
  "3": "N",
  "4": "D",
}
`;
