// Jest Snapshot v1, https://goo.gl/fbAQLP

exports[`PasswordForm renders correctly 1`] = `
<form
  className="PasswordForm"
>
  <div
    className="PasswordForm-field"
  >
    <label>
      Domain
    </label>
    <input
      type="text"
      value="http://www.example.com"
    />
  </div>
  <div
    className="PasswordForm-field"
  >
    <label>
      Password
    </label>
    <input
      type="password"
      value="password"
    />
  </div>
  <div
    style={
      Object {
        "marginTop": "1.25rem",
        "textAlign": "right",
      }
    }
  >
    <button
      className="PasswordForm-button"
    >
      Generate
    </button>
  </div>
</form>
`;
