// Jest Snapshot v1, https://goo.gl/fbAQLP

exports[`PasswordForm renders correctly 1`] = `
<form
  className="PasswordForm"
>
  <div
    className="PasswordForm-field"
  >
    <label>
      Domain
    </label>
    <input
      name="domain"
      type="text"
    />
  </div>
  <div
    className="PasswordForm-field"
  >
    <label>
      Password
    </label>
    <input
      name="password"
      type="password"
    />
  </div>
  <div
    style={
      Object {
        "marginTop": "1.25rem",
        "textAlign": "right",
      }
    }
  >
    <input
      className="PasswordForm-button"
      type="submit"
      value="Generate"
    />
  </div>
</form>
`;
